// Jest Snapshot v1, https://goo.gl/fbAQLP

exports[`billing page payment method render payment method card: payment method card snapshot 1`] = `
<div>
  <div
    class="Layout--horizontal Layout--layout-spacing-small StyledProps--main"
  >
    <button
      class="bp3-button Button--button StyledProps--font StyledProps--main Button--with-current-color Button--iconOnly Button--variation Button--variation-primary"
      type="button"
    >
      <span
        class="bp3-button-text"
      >
        platform.authSettings.setAsDefaultCard
      </span>
    </button>
    <button
      class="bp3-button Button--button StyledProps--font StyledProps--main Button--with-current-color Button--iconOnly Button--variation Button--variation-secondary"
      type="button"
    >
      <span
        class="bp3-button-text"
      >
        cancel
      </span>
    </button>
  </div>
</div>
`;
