// Jest Snapshot v1, https://goo.gl/fbAQLP

exports[`billing page payment method adding new card: payment method card snapshot 1`] = `
<div>
  <div
    class="OverlaySpinner--overlaySpinner"
  >
    <div
      class="bp3-card bp3-elevation-0 Card--card card"
    >
      <div
        class="adminAdd"
      >
        <p
          class="StyledProps--font StyledProps--main StyledProps--color StyledProps--color-grey500 StyledProps--font-variation-card-title"
        >
          platform.authSettings.billingInfo.paymentMethods
        </p>
        <button
          aria-label="platform.authSettings.addCard"
          class="bp3-button bp3-disabled bp3-loading Button--button StyledProps--font StyledProps--main Button--with-current-color Button--variation Button--variation-link"
          disabled=""
          tabindex="-1"
          type="button"
        >
          <div
            class="bp3-spinner bp3-button-spinner"
          >
            <div
              class="bp3-spinner-animation"
            >
              <svg
                height="20"
                stroke-width="16.00"
                viewBox="-3.00 -3.00 106.00 106.00"
                width="20"
              >
                <path
                  class="bp3-spinner-track"
                  d="M 50,50 m 0,-45 a 45,45 0 1 1 0,90 a 45,45 0 1 1 0,-90"
                />
                <path
                  class="bp3-spinner-head"
                  d="M 50,50 m 0,-45 a 45,45 0 1 1 0,90 a 45,45 0 1 1 0,-90"
                  pathLength="280"
                  stroke-dasharray="280 280"
                  stroke-dashoffset="210"
                />
              </svg>
            </div>
          </div>
          <span
            class="bp3-button-text"
          >
            platform.authSettings.addCard
          </span>
        </button>
      </div>
    </div>
  </div>
</div>
`;
