// Jest Snapshot v1, https://goo.gl/fbAQLP

exports[`billing page payment method render payment method card: payment method card snapshot 1`] = `
<div>
  <div
    class="OverlaySpinner--overlaySpinner"
  >
    <div
      class="bp3-card bp3-elevation-0 Card--card card"
    >
      <div
        class="adminAdd"
      >
        <p
          class="StyledProps--font StyledProps--main StyledProps--color StyledProps--color-grey500 StyledProps--font-variation-card-title"
        >
          platform.authSettings.billingInfo.paymentMethods
        </p>
        <button
          aria-label="platform.authSettings.addCard"
          class="bp3-button Button--button StyledProps--font StyledProps--main Button--with-current-color Button--variation Button--variation-link"
          type="button"
        >
          <span
            class="bp3-button-text"
          >
            platform.authSettings.addCard
          </span>
        </button>
      </div>
    </div>
  </div>
</div>
`;
