// Jest Snapshot v1, https://goo.gl/fbAQLP

exports[`Notification Table test render 1`] = `
<div>
  <div
    class="StyledProps--font StyledProps--main"
  >
    <div
      class="Layout--horizontal StyledProps--main headerActions StyledProps--flex"
    >
      <button
        aria-label="rbac.notifications.name"
        class="bp3-button Button--button StyledProps--font StyledProps--main Button--with-current-color Button--withLeftIcon Button--variation Button--variation-primary"
        id="newNotificationBtn"
        type="button"
      >
        <span
          class="bp3-icon bp3-icon-plus StyledProps--main StyledProps--padding-right-xsmall"
          icon="plus"
        >
          <svg
            data-icon="plus"
            height="16"
            viewBox="0 0 16 16"
            width="16"
          >
            <desc>
              plus
            </desc>
            <path
              d="M13 7H9V3c0-.55-.45-1-1-1s-1 .45-1 1v4H3c-.55 0-1 .45-1 1s.45 1 1 1h4v4c0 .55.45 1 1 1s1-.45 1-1V9h4c.55 0 1-.45 1-1s-.45-1-1-1z"
              fill-rule="evenodd"
            />
          </svg>
        </span>
        <span
          class="bp3-button-text"
        >
          rbac.notifications.name
        </span>
      </button>
    </div>
  </div>
  <div
    class="StyledProps--font StyledProps--main content StyledProps--padding-bottom-huge"
  >
    <div
      class="TableV2--table notificationTable"
    >
      <div
        class="TableV2--header"
        role="row"
      >
        <div
          class="TableV2--cell"
          colspan="1"
          role="columnheader"
          style="width: 7%;"
        >
          <p
            class="StyledProps--font StyledProps--main StyledProps--font-variation-table-headers"
          >
            
          </p>
        </div>
        <div
          class="TableV2--cell"
          colspan="1"
          role="columnheader"
          style="width: 18%;"
        >
          <p
            class="StyledProps--font StyledProps--main StyledProps--font-variation-table-headers"
          >
            ENABLEDLABEL
          </p>
        </div>
        <div
          class="TableV2--cell"
          colspan="1"
          role="columnheader"
          style="width: 23%;"
        >
          <p
            class="StyledProps--font StyledProps--main StyledProps--font-variation-table-headers"
          >
            CV.NOTIFICATIONS.NOTIFICATIONNAME
          </p>
        </div>
        <div
          class="TableV2--cell"
          colspan="1"
          role="columnheader"
          style="width: 24%;"
        >
          <p
            class="StyledProps--font StyledProps--main StyledProps--font-variation-table-headers"
          >
            CATEGORY
          </p>
        </div>
        <div
          class="TableV2--cell"
          colspan="1"
          role="columnheader"
          style="width: 26%;"
        >
          <p
            class="StyledProps--font StyledProps--main StyledProps--font-variation-table-headers"
          >
            RBAC.NOTIFICATIONS.NOTIFICATIONMETHOD
          </p>
        </div>
        <div
          class="TableV2--cell"
          colspan="1"
          role="columnheader"
          style="width: 2%;"
        >
          <p
            class="StyledProps--font StyledProps--main StyledProps--font-variation-table-headers"
          >
            
          </p>
        </div>
      </div>
      <div
        class="TableV2--body"
      >
        <div
          class="TableV2--row TableV2--card"
          role="row"
        >
          <div
            class="TableV2--cells"
          >
            <div
              class="TableV2--cell"
              role="cell"
              style="width: 7%;"
            >
              <div
                class="Layout--horizontal StyledProps--main"
              >
                <button
                  class="bp3-button Button--button StyledProps--font StyledProps--main toggleAccordion StyledProps--color StyledProps--color-grey600 Button--with-current-color Button--iconOnly Button--withLeftIcon Button--variation Button--variation-icon"
                  style="cursor: pointer;"
                  title="Toggle Row Expanded"
                  type="button"
                >
                  <span
                    class="bp3-icon bp3-icon-chevron-right StyledProps--main"
                    icon="chevron-right"
                  >
                    <svg
                      data-icon="chevron-right"
                      height="19"
                      viewBox="0 0 16 16"
                      width="19"
                    >
                      <desc>
                        chevron-right
                      </desc>
                      <path
                        d="M10.71 7.29l-4-4a1.003 1.003 0 00-1.42 1.42L8.59 8 5.3 11.29c-.19.18-.3.43-.3.71a1.003 1.003 0 001.71.71l4-4c.18-.18.29-.43.29-.71 0-.28-.11-.53-.29-.71z"
                        fill-rule="evenodd"
                      />
                    </svg>
                  </span>
                </button>
              </div>
            </div>
            <div
              class="TableV2--cell"
              role="cell"
              style="width: 18%;"
            >
              <label
                class="bp3-control bp3-switch StyledProps--font Switch--switch StyledProps--main"
              >
                <input
                  checked=""
                  type="checkbox"
                />
                <span
                  class="bp3-control-indicator"
                />
              </label>
            </div>
            <div
              class="TableV2--cell"
              role="cell"
              style="width: 23%;"
            >
              <p
                class="StyledProps--font Text--lineclamp StyledProps--main StyledProps--color StyledProps--color-black"
                style="--text-line-clamp: 1;"
              >
                NotificationRule
              </p>
            </div>
            <div
              class="TableV2--cell"
              role="cell"
              style="width: 24%;"
            >
              <p
                class="StyledProps--font Text--lineclamp StyledProps--main StyledProps--color StyledProps--color-black"
                style="--text-line-clamp: 1;"
              >
                Service Health
              </p>
            </div>
            <div
              class="TableV2--cell"
              role="cell"
              style="width: 26%;"
            >
              <div
                class="Layout--horizontal Layout--layout-spacing-small StyledProps--main"
              >
                <span
                  class="bp3-icon StyledProps--main"
                  data-icon="main-email"
                >
                  <svg
                    height="16"
                    viewBox="0 0 14 9"
                    width="16"
                    xmlns="http://www.w3.org/2000/svg"
                  >
                    <path
                      d="M0 .7v7.7l4.4-4zM13.2 0H.8L7 5.1zM9.6 4.3l4.4 4V.7zM7.3 6.1c0 .1-.2.2-.3.2s-.3 0-.3-.1L5.2 4.9.7 9h12.5L8.8 4.9z"
                      fill="#4d5969"
                    />
                  </svg>
                </span>
                <p
                  class="StyledProps--font StyledProps--main"
                >
                  Email
                </p>
              </div>
            </div>
            <div
              class="TableV2--cell"
              role="cell"
              style="width: 2%;"
            >
              <span
                class="bp3-popover-wrapper"
              >
                <span
                  class="bp3-popover-target"
                >
                  <button
                    class="bp3-button bp3-minimal Button--button StyledProps--font StyledProps--main StyledProps--color StyledProps--color-grey350 Button--with-current-color Button--iconOnly Button--without-shadow Button--withLeftIcon Button--variation Button--variation-icon"
                    type="button"
                  >
                    <span
                      class="bp3-icon StyledProps--main"
                      data-icon="Options"
                    >
                      <svg
                        fill="currentColor"
                        height="16"
                        viewBox="0 0 4 16"
                        width="16"
                        xmlns="http://www.w3.org/2000/svg"
                      >
                        <circle
                          cx="2"
                          cy="2"
                          r="1.5"
                        />
                        <circle
                          cx="2"
                          cy="8"
                          r="1.5"
                        />
                        <circle
                          cx="2"
                          cy="14"
                          r="1.5"
                        />
                      </svg>
                    </span>
                  </button>
                </span>
              </span>
            </div>
          </div>
        </div>
      </div>
      <div
        class="Layout--horizontal StyledProps--main TableV2--pagination Pagination--container StyledProps--padding-top-medium StyledProps--padding-bottom-medium StyledProps--flex StyledProps--flex-align-center-center StyledProps--flex-distribution-space-between"
      >
        <span
          class="StyledProps--font StyledProps--main StyledProps--inline StyledProps--font-variation-small-semi"
        >
          1
           of 
          1
        </span>
        <div
          class="Layout--horizontal StyledProps--main"
        >
          <button
            aria-label="Prev"
            class="bp3-button bp3-disabled Button--button StyledProps--font StyledProps--main Pagination--roundedButton Pagination--buttonLeft Button--with-current-color Button--withLeftIcon Button--size Button--small"
            disabled=""
            tabindex="-1"
            type="button"
          >
            <span
              class="bp3-icon bp3-icon-arrow-left StyledProps--main StyledProps--padding-right-xsmall"
              icon="arrow-left"
            >
              <svg
                data-icon="arrow-left"
                height="12"
                viewBox="0 0 16 16"
                width="12"
              >
                <desc>
                  arrow-left
                </desc>
                <path
                  d="M13.99 6.99H4.41L7.7 3.7a1.003 1.003 0 00-1.42-1.42l-5 5a1.014 1.014 0 000 1.42l5 5a1.003 1.003 0 001.42-1.42L4.41 8.99H14c.55 0 1-.45 1-1s-.46-1-1.01-1z"
                  fill-rule="evenodd"
                />
              </svg>
            </span>
            <span
              class="bp3-button-text"
            >
              Prev
            </span>
          </button>
          <button
            class="bp3-button bp3-disabled Button--button StyledProps--font StyledProps--main Pagination--roundedButton Pagination--selected Button--with-current-color"
            disabled=""
            tabindex="-1"
            type="button"
          >
            <span
              class="bp3-button-text"
            >
              1
            </span>
          </button>
          <button
            aria-label="Next"
            class="bp3-button bp3-disabled Button--button StyledProps--font StyledProps--main Pagination--roundedButton Pagination--buttonRight Button--with-current-color Button--withRightIcon Button--size Button--small"
            disabled=""
            tabindex="-1"
            type="button"
          >
            <span
              class="bp3-button-text"
            >
              Next
            </span>
            <span
              class="bp3-icon bp3-icon-arrow-right StyledProps--main"
              icon="arrow-right"
            >
              <svg
                data-icon="arrow-right"
                height="12"
                viewBox="0 0 16 16"
                width="12"
              >
                <desc>
                  arrow-right
                </desc>
                <path
                  d="M14.7 7.29l-5-5a.965.965 0 00-.71-.3 1.003 1.003 0 00-.71 1.71l3.29 3.29H1.99c-.55 0-1 .45-1 1s.45 1 1 1h9.59l-3.29 3.29a1.003 1.003 0 001.42 1.42l5-5c.18-.18.29-.43.29-.71s-.12-.52-.3-.7z"
                  fill-rule="evenodd"
                />
              </svg>
            </span>
          </button>
        </div>
        <span>
          Showing 1 per page
        </span>
      </div>
    </div>
  </div>
</div>
`;
