// Jest Snapshot v1, https://goo.gl/fbAQLP

exports[`BillingInfo footer ,testing back click: footer element for card element 1`] = `
<div>
  <div
    class="Layout--horizontal Layout--layout-spacing-small StyledProps--main"
  >
    <button
      class="bp3-button Button--button StyledProps--font StyledProps--main Button--with-current-color Button--iconOnly Button--withLeftIcon Button--variation Button--variation-secondary"
      type="button"
    >
      <span
        class="bp3-icon bp3-icon-chevron-left StyledProps--main"
        icon="chevron-left"
      >
        <svg
          data-icon="chevron-left"
          height="16"
          viewBox="0 0 16 16"
          width="16"
        >
          <desc>
            chevron-left
          </desc>
          <path
            d="M7.41 8l3.29-3.29c.19-.18.3-.43.3-.71a1.003 1.003 0 00-1.71-.71l-4 4C5.11 7.47 5 7.72 5 8c0 .28.11.53.29.71l4 4a1.003 1.003 0 001.42-1.42L7.41 8z"
            fill-rule="evenodd"
          />
        </svg>
      </span>
      <span
        class="bp3-button-text"
      >
        back
      </span>
    </button>
    <button
      class="bp3-button Button--button StyledProps--font StyledProps--main Button--with-current-color Button--iconOnly Button--withRightIcon Button--variation Button--variation-primary"
      type="button"
    >
      <span
        class="bp3-button-text"
      >
        platform.authSettings.billing.next
      </span>
      <span
        class="bp3-icon bp3-icon-chevron-right StyledProps--main"
        icon="chevron-right"
      >
        <svg
          data-icon="chevron-right"
          height="16"
          viewBox="0 0 16 16"
          width="16"
        >
          <desc>
            chevron-right
          </desc>
          <path
            d="M10.71 7.29l-4-4a1.003 1.003 0 00-1.42 1.42L8.59 8 5.3 11.29c-.19.18-.3.43-.3.71a1.003 1.003 0 001.71.71l4-4c.18-.18.29-.43.29-.71 0-.28-.11-.53-.29-.71z"
            fill-rule="evenodd"
          />
        </svg>
      </span>
    </button>
  </div>
</div>
`;
