// Jest Snapshot v1, https://goo.gl/fbAQLP

exports[`FlagActivationDetails it should render edit flag modal correctly 1`] = `
<form
  action="#"
  data-testid="edit-flag-form"
>
  <div
    class="Layout--vertical Layout--layout-spacing-medium StyledProps--main"
  >
    <div
      class="bp3-form-group"
    >
      <label
        class="bp3-label"
        for="name"
      >
        name
         
        <span
          class="bp3-text-muted"
        />
      </label>
      <div
        class="bp3-form-content"
      >
        <div
          class="bp3-input-group"
        >
          <input
            autocomplete="off"
            class="bp3-input"
            name="name"
            type="text"
            value="new flag"
          />
        </div>
      </div>
    </div>
    <div
      class="bp3-form-group"
    >
      <label
        class="bp3-label"
        for="description"
      >
        description
         
        <span
          class="bp3-text-muted"
        />
      </label>
      <div
        class="bp3-form-content"
      >
        <textarea
          autocomplete="off"
          class="bp3-input bp3-fill"
          maxlength="1024"
          name="description"
          style="min-height: 5rem;"
        />
      </div>
    </div>
    <div
      class="bp3-form-group"
    >
      <div
        class="bp3-form-content"
      >
        <label
          class="bp3-control bp3-checkbox StyledProps--font Checkbox--checkbox StyledProps--main StyledProps--inline"
        >
          <input
            name="permanent"
            type="checkbox"
          />
          <span
            class="bp3-control-indicator"
          />
          cf.editDetails.permaFlag
        </label>
      </div>
    </div>
    <div
      class="StyledProps--font StyledProps--main"
    >
      <div
        class="bp3-divider"
      />
    </div>
    <div
      class="Layout--vertical Layout--layout-spacing-small StyledProps--main"
    >
      <h4
        class="StyledProps--font StyledProps--font-h4 StyledProps--main StyledProps--font-variation-h5"
        level="4"
      >
        cf.gitSync.commitChanges
      </h4>
      <div
        class="StyledProps--font StyledProps--main"
      >
        <h4
          class="StyledProps--font StyledProps--font-h4 StyledProps--main StyledProps--font-variation-h5 StyledProps--margin-bottom-small StyledProps--color StyledProps--color-grey600"
          level="4"
        >
          common.gitSync.harnessFolderLabel
        </h4>
        <div
          class="Layout--horizontal Layout--layout-spacing-small StyledProps--main formRow"
        >
          <div
            class="bp3-form-group bp3-disabled"
          >
            <label
              class="bp3-label"
              for="gitDetails.repoIdentifier"
            >
              common.git.selectRepoLabel
               
              <span
                class="bp3-text-muted"
              />
            </label>
            <div
              class="bp3-form-content"
            >
              <div
                class="bp3-input-group bp3-disabled"
              >
                <input
                  autocomplete="off"
                  class="bp3-input"
                  disabled=""
                  name="gitDetails.repoIdentifier"
                  type="text"
                  value="harnesstest"
                />
              </div>
            </div>
          </div>
          <div
            class="bp3-form-group bp3-disabled"
          >
            <label
              class="bp3-label"
              for="gitDetails.rootFolder"
            >
              common.gitSync.harnessFolderLabel
               
              <span
                class="bp3-text-muted"
              />
            </label>
            <div
              class="bp3-form-content"
            >
              <div
                class="bp3-input-group bp3-disabled"
              >
                <input
                  autocomplete="off"
                  class="bp3-input"
                  disabled=""
                  name="gitDetails.rootFolder"
                  type="text"
                  value="/.harness/"
                />
              </div>
            </div>
          </div>
        </div>
        <div
          class="bp3-form-group bp3-disabled"
        >
          <label
            class="bp3-label"
            for="gitDetails.filePath"
          >
            common.git.filePath
             
            <span
              class="bp3-text-muted"
            />
          </label>
          <div
            class="bp3-form-content"
          >
            <div
              class="bp3-input-group bp3-disabled"
            >
              <input
                autocomplete="off"
                class="bp3-input"
                disabled=""
                name="gitDetails.filePath"
                type="text"
                value="/flags.yaml"
              />
            </div>
          </div>
        </div>
      </div>
      <div
        class="StyledProps--font StyledProps--main"
      >
        <h4
          class="StyledProps--font StyledProps--font-h4 StyledProps--main StyledProps--font-variation-h5 StyledProps--margin-bottom-small StyledProps--color StyledProps--color-grey600"
          level="4"
        >
          common.gitSync.commitDetailsLabel
        </h4>
        <div
          class="bp3-form-group"
        >
          <label
            class="bp3-label"
            for="gitDetails.commitMsg"
          >
            common.git.commitMessage
             
            <span
              class="bp3-text-muted"
            />
          </label>
          <div
            class="bp3-form-content"
          >
            <textarea
              autocomplete="off"
              class="bp3-input bp3-fill"
              maxlength="1024"
              name="gitDetails.commitMsg"
              placeholder="common.git.commitMessage"
            />
          </div>
        </div>
        <div
          class="StyledProps--font StyledProps--main StyledProps--flex StyledProps--flex-justifyContent-flex-start StyledProps--flex-alignItems-center"
        >
          <span
            class="bp3-icon StyledProps--main"
            data-icon="git-branch-existing"
          >
            <svg
              fill="none"
              height="16"
              viewBox="0 0 16 9"
              width="16"
              xmlns="http://www.w3.org/2000/svg"
            >
              <path
                clip-rule="evenodd"
                d="M12.403 3.67H16v1.626h-3.597a4.477 4.477 0 01-8.807 0H0V3.67h3.596a4.477 4.477 0 018.807 0zm-7.26.813a2.857 2.857 0 105.714 0 2.857 2.857 0 00-5.714 0z"
                fill="#383946"
                fill-rule="evenodd"
              />
            </svg>
          </span>
          <span
            class="StyledProps--font StyledProps--main StyledProps--margin-left-small StyledProps--margin-right-small StyledProps--inline"
          >
            common.git.existingBranchCommitLabel
            :
          </span>
          <div
            class="bp3-form-group bp3-disabled"
            style="margin-bottom: 0px;"
          >
            <div
              class="bp3-form-content"
            >
              <div
                class="bp3-input-group bp3-disabled"
              >
                <input
                  autocomplete="off"
                  class="bp3-input"
                  disabled=""
                  name="gitDetails.branch"
                  type="text"
                  value="main"
                />
              </div>
            </div>
          </div>
        </div>
        <div
          class="StyledProps--font StyledProps--main StyledProps--padding-left-xlarge StyledProps--padding-top-small"
          data-testid="commit-details-section"
        >
          <div
            class="bp3-form-group"
          >
            <div
              class="bp3-form-content"
            >
              <label
                class="bp3-control bp3-checkbox bp3-large StyledProps--font Checkbox--checkbox StyledProps--main StyledProps--inline"
              >
                <input
                  name="autoCommit"
                  type="checkbox"
                />
                <span
                  class="bp3-control-indicator"
                />
                cf.gitSync.autoCommitLabel
              </label>
            </div>
          </div>
        </div>
      </div>
    </div>
  </div>
</form>
`;
