// Jest Snapshot v1, https://goo.gl/fbAQLP

exports[`<DiscoveryHistory /> tests click on create new network map 2`] = `
<div>
  <div>
    <h1>
      Not Found
    </h1>
    <div
      data-testid="location"
    >
      /account/accountId/chaos/orgs/default/projects/Discovery_Test/setup/resources/discovery/dAgentId-1/network-map-studio/-1
    </div>
  </div>
</div>
`;

exports[`<DiscoveryHistory /> tests should match snapshot 1`] = `
<div>
  <div
    class="Layout--horizontal StyledProps--main noNetworkMapDiv"
    style="width: 80%;"
  >
    <div
      class="Layout--vertical Layout--layout-spacing-xxxlarge StyledProps--main"
      style="margin: auto; padding-right: 20px; width: 60%;"
    >
      <img
        src="test-file-stub"
        width="140px"
      />
      <p
        class="StyledProps--font StyledProps--main StyledProps--font-variation-h2"
      >
        discovery.discoveryDetails.networkMaps.noNetworkMapHeader
      </p>
      <p
        class="StyledProps--font StyledProps--main"
      >
        discovery.discoveryDetails.networkMaps.noNetworkMapDesc
      </p>
      <div
        class="Layout--horizontal Layout--layout-spacing-medium StyledProps--main StyledProps--flex StyledProps--flex-alignItems-center"
        style="width: 350px;"
      >
        <div
          style="display: flex; align-items: center;"
        >
          <div
            class="iconDiv"
          >
            <span
              class="bp3-icon StyledProps--main moduleIcons"
              data-icon="code-settings"
            >
              <svg
                fill="none"
                height="20"
                viewBox="0 0 13 13"
                width="20"
                xmlns="http://www.w3.org/2000/svg"
              >
                <path
                  clip-rule="evenodd"
                  d="M5.477 1.705c0-.27.218-.488.487-.488h.975c.27 0 .488.218.488.488v1.138c.31.084.606.206.879.363l.81-.807c.19-.189.498-.189.688 0l.69.688c.192.19.192.5 0 .691l-.807.804c.156.27.278.563.362.87h1.144c.269 0 .487.22.487.488v.975c0 .27-.218.488-.487.488h-1.144a3.687 3.687 0 01-.363.872l.807.803c.191.19.191.5 0 .691l-.69.688a.488.488 0 01-.689 0l-.81-.806a3.715 3.715 0 01-.877.362v1.138c0 .27-.219.487-.488.487h-.975a.488.488 0 01-.487-.487v-1.138a3.715 3.715 0 01-.88-.363l-.808.806a.488.488 0 01-.688 0l-.691-.688a.487.487 0 010-.69l.806-.804a3.685 3.685 0 01-.362-.871H1.71a.488.488 0 01-.487-.488V5.94c0-.269.218-.487.487-.487h1.143c.084-.308.206-.6.362-.87l-.807-.805a.488.488 0 010-.69l.69-.689c.191-.19.499-.19.689 0l.81.807c.272-.157.567-.28.879-.363zm.65.162v1.1a.493.493 0 01-.383.478 3.065 3.065 0 00-.911.377.493.493 0 01-.607-.069l-.782-.779-.46.459.779.776a.493.493 0 01.069.61c-.171.275-.3.58-.376.903a.493.493 0 01-.479.38H1.873v.65h1.104c.237 0 .428.167.479.382.077.324.205.628.376.903.117.188.1.443-.069.61l-.779.776.46.459.783-.78a.493.493 0 01.606-.068c.278.171.585.3.911.376.216.05.383.242.383.479v1.1h.65v-1.1c0-.237.167-.429.382-.479.326-.076.633-.205.91-.375a.493.493 0 01.607.068l.782.78.46-.46-.779-.776a.493.493 0 01-.068-.61c.17-.275.3-.58.376-.903a.493.493 0 01.478-.381h1.105v-.65H9.926a.493.493 0 01-.479-.381 3.036 3.036 0 00-.376-.903.493.493 0 01.07-.61l.78-.776-.461-.459-.783.78a.493.493 0 01-.607.068 3.065 3.065 0 00-.911-.377.493.493 0 01-.382-.478v-1.1zm.385 3.09a1.544 1.544 0 100 3.087 1.544 1.544 0 000-3.088zM4.32 6.5a2.194 2.194 0 114.387 0 2.194 2.194 0 01-4.387 0z"
                  fill="#fff"
                  fill-rule="evenodd"
                />
              </svg>
            </span>
          </div>
          <p
            class="StyledProps--font StyledProps--main StyledProps--margin-left-xsmall"
          >
            discovery.discoveryDetails.networkMaps.noNetworkMapChooseService
          </p>
        </div>
        <span
          class="bp3-icon bp3-icon-arrow-right StyledProps--main"
          icon="arrow-right"
        >
          <svg
            data-icon="arrow-right"
            height="16"
            viewBox="0 0 16 16"
            width="16"
          >
            <desc>
              arrow-right
            </desc>
            <path
              d="M14.7 7.29l-5-5a.965.965 0 00-.71-.3 1.003 1.003 0 00-.71 1.71l3.29 3.29H1.99c-.55 0-1 .45-1 1s.45 1 1 1h9.59l-3.29 3.29a1.003 1.003 0 001.42 1.42l5-5c.18-.18.29-.43.29-.71s-.12-.52-.3-.7z"
              fill-rule="evenodd"
            />
          </svg>
        </span>
        <div
          style="display: flex; align-items: center;"
        >
          <div
            class="iconDiv"
          >
            <span
              class="bp3-icon StyledProps--main moduleIcons StyledProps--margin-top-xsmall StyledProps--margin-left-xsmall"
              data-icon="graph"
            >
              <svg
                fill="none"
                height="20"
                width="20"
                xmlns="http://www.w3.org/2000/svg"
              >
                <path
                  d="M13.82 6.927c-.437 0-.861.144-1.207.41L9.259 5.033a3.283 3.283 0 10-4.697 1.142l-.986 2.48a2.662 2.662 0 101.078.46l.983-2.472c.247.057.499.087.752.09.782 0 1.538-.28 2.131-.791l3.411 2.345a2.067 2.067 0 00-.102.64 1.994 1.994 0 101.99-1.993v-.007z"
                  fill="currentColor"
                />
              </svg>
            </span>
          </div>
          <p
            class="StyledProps--font StyledProps--main StyledProps--margin-left-xsmall"
          >
            discovery.tabs.configureRelations
          </p>
        </div>
      </div>
      <button
        aria-label="discovery.createNewNetworkMap"
        class="bp3-button Button--button StyledProps--font StyledProps--main Button--with-current-color Button--variation Button--variation-primary"
        style="width: 220px;"
        type="button"
      >
        <span
          class="bp3-button-text"
        >
          discovery.createNewNetworkMap
        </span>
      </button>
    </div>
    <div
      class="Layout--vertical StyledProps--main"
      style="width: 40%;"
    >
      <img
        src="test-file-stub"
        style="margin-top: 50px;"
      />
    </div>
  </div>
</div>
`;
