// Jest Snapshot v1, https://goo.gl/fbAQLP

exports[`CETAgentConfig Snapshot test for CETAgentConfig component 1`] = `<DocumentFragment />`;
