// Jest Snapshot v1, https://goo.gl/fbAQLP

exports[`Add Edit Service Override Test add new service override 1`] = `
<div>
  <div
    class="OverlaySpinner--overlaySpinner"
  >
    <div
      class="serviceOverrideDialog"
    >
      <div
        class="Layout--horizontal StyledProps--main StyledProps--flex StyledProps--flex-justifyContent-flex-start StyledProps--padding-bottom-medium"
      >
        <div
          class="PillToggle--optionBtns"
        >
          <div
            class="PillToggle--item PillToggle--selected"
            data-name="toggle-option-one"
            role="button"
            tabindex="0"
          >
            VISUAL
          </div>
          <div
            class="PillToggle--item"
            data-name="toggle-option-two"
            role="button"
            tabindex="0"
          >
            YAML
          </div>
        </div>
      </div>
      <div
        class="StyledProps--font StyledProps--main"
      >
        <div
          class="serviceLabel"
        >
          <div
            class="StyledProps--font StyledProps--main"
            data-testid="serviceTooltip"
          >
            <span
              class="Tooltip--acenter bp3-label"
              data-tooltip-id="addEditServiceOverrideForm_serviceRef"
            >
              service
            </span>
          </div>
          <div
            class="bp3-form-group"
          >
            <div
              class="bp3-form-content"
            >
              <button
                class="bp3-button bp3-minimal Button--button StyledProps--font StyledProps--main container Button--iconOnly Button--without-shadow Button--withRightIcon"
                data-testid="cr-field-serviceRef"
                style="width: 300px;"
                type="button"
              >
                <span
                  class="bp3-button-text"
                >
                  <div
                    class="Layout--horizontal Layout--layout-spacing-small StyledProps--main selectWrapper StyledProps--flex StyledProps--flex-distribution-space-between"
                  >
                    <span
                      class="bp3-popover-wrapper"
                    >
                      <span
                        class="bp3-popover-target Text--targetClass"
                      >
                        <p
                          class="StyledProps--font StyledProps--main label StyledProps--color StyledProps--color-grey800"
                          tabindex="0"
                        >
                          custom_test
                        </p>
                      </span>
                    </span>
                    <span
                      class="Tag--main"
                    >
                      <span
                        class="bp3-tag bp3-minimal"
                        id="tag"
                      >
                        <span
                          class="bp3-text-overflow-ellipsis bp3-fill"
                        >
                          account
                        </span>
                      </span>
                    </span>
                  </div>
                </span>
                <span
                  class="bp3-icon bp3-icon-chevron-down StyledProps--main"
                  icon="chevron-down"
                >
                  <svg
                    data-icon="chevron-down"
                    height="14"
                    viewBox="0 0 16 16"
                    width="14"
                  >
                    <desc>
                      chevron-down
                    </desc>
                    <path
                      d="M12 5c-.28 0-.53.11-.71.29L8 8.59l-3.29-3.3a1.003 1.003 0 00-1.42 1.42l4 4c.18.18.43.29.71.29s.53-.11.71-.29l4-4A1.003 1.003 0 0012 5z"
                      fill-rule="evenodd"
                    />
                  </svg>
                </span>
              </button>
            </div>
          </div>
        </div>
        <p
          class="StyledProps--font StyledProps--main"
        >
          common.serviceOverrides.overrideType
        </p>
        <div
          class="bp3-tabs Tabs--main Tabs--horizontal"
        >
          <div
            class="bp3-tab-list"
            role="tablist"
          >
            <div
              class="bp3-tab-indicator-wrapper"
              style="height: 0px; transform: translateX(0px) translateY(0px); width: 0px;"
            >
              <div
                class="bp3-tab-indicator"
              />
            </div>
            <div
              aria-controls="bp3-tab-panel_serviceOverrideTab_variableoverride"
              aria-disabled="false"
              aria-expanded="true"
              aria-selected="true"
              class="bp3-tab"
              data-tab-id="variableoverride"
              id="bp3-tab-title_serviceOverrideTab_variableoverride"
              role="tab"
              tabindex="0"
            >
              variableLabel
            </div>
            <div
              aria-controls="bp3-tab-panel_serviceOverrideTab_manifestoverride"
              aria-disabled="false"
              aria-expanded="false"
              aria-selected="false"
              class="bp3-tab"
              data-tab-id="manifestoverride"
              id="bp3-tab-title_serviceOverrideTab_manifestoverride"
              role="tab"
              tabindex="0"
            >
              manifestsText
            </div>
            <div
              aria-controls="bp3-tab-panel_serviceOverrideTab_configoverride"
              aria-disabled="false"
              aria-expanded="false"
              aria-selected="false"
              class="bp3-tab"
              data-tab-id="configoverride"
              id="bp3-tab-title_serviceOverrideTab_configoverride"
              role="tab"
              tabindex="0"
            >
              cd.configFileStoreTitle
            </div>
          </div>
          <div
            aria-hidden="false"
            aria-labelledby="bp3-tab-title_serviceOverrideTab_variableoverride"
            class="bp3-tab-panel"
            id="bp3-tab-panel_serviceOverrideTab_variableoverride"
            role="tabpanel"
          >
            <div
              class="Layout--vertical Layout--layout-spacing-medium StyledProps--main StyledProps--flex StyledProps--flex-alignItems-flex-start"
            >
              <div
                class="Layout--vertical StyledProps--main"
              >
                <div
                  class="tableRow headerRow"
                >
                  <p
                    class="StyledProps--font StyledProps--main StyledProps--font-variation-table-headers"
                  >
                    cd.configurationVariable
                  </p>
                  <p
                    class="StyledProps--font StyledProps--main StyledProps--font-variation-table-headers"
                  >
                    typeLabel
                  </p>
                  <p
                    class="StyledProps--font StyledProps--main StyledProps--font-variation-table-headers"
                  >
                    cd.overrideValue
                  </p>
                </div>
                <div
                  class="tableRow rowValue"
                >
                  <p
                    class="StyledProps--font Text--lineclamp StyledProps--main"
                    style="--text-line-clamp: 1;"
                  >
                    
                  </p>
                  <p
                    class="StyledProps--font Text--lineclamp StyledProps--main"
                    style="--text-line-clamp: 1;"
                  >
                    String
                  </p>
                  <p
                    class="StyledProps--font Text--lineclamp StyledProps--main"
                    style="--text-line-clamp: 1;"
                  >
                    testStr
                  </p>
                  <span>
                    <div
                      class="Layout--horizontal StyledProps--main variableListButtons"
                    >
                      <span
                        class="bp3-popover-wrapper"
                      >
                        <span
                          class="bp3-popover-target"
                        >
                          <button
                            class="bp3-button bp3-minimal Button--button StyledProps--font StyledProps--main Button--with-current-color Button--iconOnly Button--without-shadow Button--withLeftIcon"
                            data-testid="edit-variable-0"
                            tabindex="0"
                            type="button"
                          >
                            <span
                              class="bp3-icon StyledProps--main"
                              data-icon="Edit"
                            >
                              <svg
                                height="16"
                                viewBox="0 0 16 16"
                                width="16"
                                xmlns="http://www.w3.org/2000/svg"
                              >
                                <path
                                  clip-rule="evenodd"
                                  d="M11.207.485a.5.5 0 01.354-.146 3.5 3.5 0 013.5 3.5.5.5 0 01-.146.353l-11 11a.5.5 0 01-.354.147h-3a.5.5 0 01-.5-.5v-3a.5.5 0 01.146-.354l11-11zm.553.862L1.061 12.046v2.293h2.293l10.7-10.7a2.5 2.5 0 00-2.294-2.292z"
                                  fill="currentColor"
                                  fill-rule="evenodd"
                                />
                                <path
                                  clip-rule="evenodd"
                                  d="M11.89 2.646a.5.5 0 010 .708L8.353 6.889a.5.5 0 01-.708-.707l3.536-3.536a.5.5 0 01.707 0z"
                                  fill="currentColor"
                                  fill-rule="evenodd"
                                  opacity="0.3"
                                />
                              </svg>
                            </span>
                          </button>
                        </span>
                      </span>
                      <span
                        class="bp3-popover-wrapper"
                      >
                        <span
                          class="bp3-popover-target"
                        >
                          <button
                            class="bp3-button bp3-minimal Button--button StyledProps--font StyledProps--main Button--with-current-color Button--iconOnly Button--without-shadow Button--withLeftIcon"
                            data-testid="delete-variable-0"
                            tabindex="0"
                            type="button"
                          >
                            <span
                              class="bp3-icon StyledProps--main"
                              data-icon="main-trash"
                            >
                              <svg
                                height="16"
                                viewBox="0 0 16 20"
                                width="16"
                                xmlns="http://www.w3.org/2000/svg"
                              >
                                <path
                                  clip-rule="evenodd"
                                  d="M1.143 8.48a1.2 1.2 0 011.189-1.36h10.649a1.2 1.2 0 011.194 1.321l-1.039 10.208a1.2 1.2 0 01-1.193 1.079H3.716a1.2 1.2 0 01-1.189-1.04L1.143 8.48zm11.837-.16H2.332l1.385 10.207h8.226L12.98 8.32zM5.916 1.594a.6.6 0 01.719-.452l4.224.965a.6.6 0 01.452.719L11 4.179l3.86.882a.6.6 0 01-.267 1.17L1.535 3.248a.6.6 0 11.267-1.17l3.805.87.309-1.354zm.86 1.62l3.056.698.175-.768-3.055-.698-.175.768z"
                                  fill="currentColor"
                                  fill-rule="evenodd"
                                />
                                <path
                                  clip-rule="evenodd"
                                  d="M8 10.808a.5.5 0 01.5.5v5a.5.5 0 01-1 0v-5a.5.5 0 01.5-.5zm-2.761.012a.5.5 0 01.541.454l.436 4.981a.5.5 0 11-.996.087l-.436-4.98a.5.5 0 01.455-.542zM10.762 10.82a.5.5 0 01.455.541l-.436 4.981a.5.5 0 11-.996-.087l.435-4.98a.5.5 0 01.542-.455z"
                                  fill="currentColor"
                                  fill-rule="evenodd"
                                  opacity="0.3"
                                />
                              </svg>
                            </span>
                          </button>
                        </span>
                      </span>
                    </div>
                  </span>
                </div>
              </div>
              <button
                aria-label="common.newName common.override"
                class="bp3-button Button--button StyledProps--font StyledProps--main addOverrideBtn Button--with-current-color Button--withLeftIcon Button--variation Button--variation-link Button--size Button--small"
                type="button"
              >
                <span
                  class="bp3-icon bp3-icon-plus StyledProps--main StyledProps--padding-right-xsmall"
                  icon="plus"
                >
                  <svg
                    data-icon="plus"
                    height="16"
                    viewBox="0 0 16 16"
                    width="16"
                  >
                    <desc>
                      plus
                    </desc>
                    <path
                      d="M13 7H9V3c0-.55-.45-1-1-1s-1 .45-1 1v4H3c-.55 0-1 .45-1 1s.45 1 1 1h4v4c0 .55.45 1 1 1s1-.45 1-1V9h4c.55 0 1-.45 1-1s-.45-1-1-1z"
                      fill-rule="evenodd"
                    />
                  </svg>
                </span>
                <span
                  class="bp3-button-text"
                >
                  common.newName common.override
                </span>
              </button>
            </div>
          </div>
        </div>
      </div>
      <div
        class="Layout--horizontal Layout--layout-spacing-medium StyledProps--main StyledProps--padding-top-xxlarge"
      >
        <button
          aria-label="save"
          class="bp3-button Button--button StyledProps--font StyledProps--main Button--with-current-color Button--variation Button--variation-primary"
          data-testid="addVariableSave"
          type="button"
        >
          <span
            class="bp3-button-text"
          >
            save
          </span>
        </button>
        <button
          aria-label="cancel"
          class="bp3-button Button--button StyledProps--font StyledProps--main Button--with-current-color Button--variation Button--variation-tertiary"
          data-testid="addVariableCancel"
          type="button"
        >
          <span
            class="bp3-button-text"
          >
            cancel
          </span>
        </button>
      </div>
    </div>
  </div>
</div>
`;
