// Jest Snapshot v1, https://goo.gl/fbAQLP

exports[`Unit tests for VerifyExection Ensure content is rendered correctly based on api response 1`] = `
<div>
  <div
    class="StyledProps--font StyledProps--main main fullWidth"
  >
    <div
      class="StyledProps--font StyledProps--main main details"
    >
      <div
        class="StyledProps--font StyledProps--main durationAndStatus flexLayout"
      >
        <div
          class="StyledProps--font StyledProps--main"
        >
          <p
            class="StyledProps--font StyledProps--main StyledProps--font-size-small StyledProps--margin-top-xsmall StyledProps--margin-bottom-xsmall"
            data-name="pipeline.startedOn"
          >
            pipeline.startedOn
            : 
            Jan 19, 2023 4:22 PM
          </p>
          <p
            class="StyledProps--font StyledProps--main StyledProps--font-size-small"
            data-name="duration"
          >
            duration 5 mins
          </p>
        </div>
        <p
          class="StyledProps--font StyledProps--main verificationStatusCard StyledProps--background-green50 StyledProps--color StyledProps--color-green800"
          style="display: flex; align-items: center;"
        >
          <span
            class="bp3-icon bp3-icon-tick-circle StyledProps--main Text--icon StyledProps--padding-right-xsmall StyledProps--color StyledProps--color-green800"
            icon="tick-circle"
          >
            <svg
              data-icon="tick-circle"
              height="12"
              viewBox="0 0 16 16"
              width="12"
            >
              <desc>
                tick-circle
              </desc>
              <path
                d="M8 16c-4.42 0-8-3.58-8-8s3.58-8 8-8 8 3.58 8 8-3.58 8-8 8zm4-11c-.28 0-.53.11-.71.29L7 9.59l-2.29-2.3a1.003 1.003 0 00-1.42 1.42l3 3c.18.18.43.29.71.29s.53-.11.71-.29l5-5A1.003 1.003 0 0012 5z"
                fill-rule="evenodd"
              />
            </svg>
          </span>
          passed
        </p>
      </div>
      <div
        class="StyledProps--font StyledProps--main bp3-progress-bar progressBar bp3-intent-success progressBar"
      >
        <div
          class="StyledProps--font StyledProps--main bp3-progress-meter"
          style="width: 100%;"
        />
      </div>
      <div
        class="StyledProps--font StyledProps--main main flexLayout"
      >
        <div
          class="StyledProps--font StyledProps--main primaryNodes"
        >
          <p
            class="StyledProps--font StyledProps--main"
          >
            BEFORE
          </p>
          <p
            class="StyledProps--font StyledProps--main details"
          >
            1
             
            pipeline.nodes
          </p>
          <div
            class="StyledProps--font StyledProps--main mainContainer"
          >
            <div
              class="StyledProps--font StyledProps--main main"
            >
              <div
                class="StyledProps--font StyledProps--main hexagonList"
              >
                <div
                  class="StyledProps--font StyledProps--main hexagonContainer"
                  data-testid=""
                  style="height: 25px; width: 25px; top: 14.4px; left: 14.4px;"
                >
                  <div
                    class="StyledProps--font StyledProps--main hexagon"
                    style="height: 24px; width: 24px;"
                  />
                  <div
                    class="StyledProps--font StyledProps--main nodeHealth"
                    data-node-health-color="var(--grey-400)"
                    style="width: 7px; height: 7px;"
                  />
                </div>
              </div>
            </div>
          </div>
        </div>
        <div
          class="StyledProps--font StyledProps--main canaryNodes"
        >
          <p
            class="StyledProps--font StyledProps--main"
          >
            AFTER
          </p>
          <p
            class="StyledProps--font StyledProps--main details"
          >
            1
             
            pipeline.nodes
          </p>
          <div
            class="StyledProps--font StyledProps--main mainContainer"
          >
            <div
              class="StyledProps--font StyledProps--main main"
            >
              <div
                class="StyledProps--font StyledProps--main hexagonList"
              >
                <div
                  class="StyledProps--font StyledProps--main hexagonContainer"
                  data-testid="canaryNode-0"
                  style="height: 25px; width: 25px; top: 14.4px; left: 14.4px;"
                >
                  <div
                    class="StyledProps--font StyledProps--main hexagon"
                    style="height: 24px; width: 24px;"
                  />
                  <div
                    class="StyledProps--font StyledProps--main nodeHealth"
                    data-node-health-color="var(--green-700)"
                    style="width: 7px; height: 7px;"
                  />
                </div>
              </div>
            </div>
          </div>
        </div>
      </div>
    </div>
    <div
      class="StyledProps--font StyledProps--main main"
    >
      <p
        class="StyledProps--font StyledProps--main"
      >
        SUMMARY
      </p>
      <hr />
      <div
        class="StyledProps--font StyledProps--main summaryContainer"
      >
        <div
          class="StyledProps--font StyledProps--main summaryContent"
        >
          <div
            class="StyledProps--font StyledProps--main violations"
          >
            <p
              class="StyledProps--font StyledProps--main StyledProps--font-size-large StyledProps--font-weight-bold"
            >
              0
            </p>
            <p
              class="StyledProps--font StyledProps--main outOf StyledProps--color StyledProps--color-black"
            >
              PIPELINE.OUTOF
            </p>
            <p
              class="StyledProps--font StyledProps--main StyledProps--font-size-large StyledProps--font-weight-bold"
            >
              1
            </p>
          </div>
          <p
            class="StyledProps--font StyledProps--main titleText StyledProps--color StyledProps--color-black"
          >
            pipeline.verification.metricsInViolation
          </p>
          <p
            class="StyledProps--font StyledProps--main viewDetails StyledProps--intent-primary"
            data-testid="pipeline.verification.analysisTab.metrics"
            style="display: flex; align-items: center;"
          >
            viewDetails
            <span
              class="bp3-icon bp3-icon-arrow-right StyledProps--main Text--icon StyledProps--padding-left-xsmall"
              icon="arrow-right"
            >
              <svg
                data-icon="arrow-right"
                height="16"
                viewBox="0 0 16 16"
                width="16"
              >
                <desc>
                  arrow-right
                </desc>
                <path
                  d="M14.7 7.29l-5-5a.965.965 0 00-.71-.3 1.003 1.003 0 00-.71 1.71l3.29 3.29H1.99c-.55 0-1 .45-1 1s.45 1 1 1h9.59l-3.29 3.29a1.003 1.003 0 001.42 1.42l5-5c.18-.18.29-.43.29-.71s-.12-.52-.3-.7z"
                  fill-rule="evenodd"
                />
              </svg>
            </span>
          </p>
        </div>
        <div
          class="StyledProps--font StyledProps--main summaryContent"
        >
          <div
            class="StyledProps--font StyledProps--main violations"
          >
            <p
              class="StyledProps--font StyledProps--main StyledProps--font-size-large StyledProps--font-weight-bold"
            >
              0
            </p>
            <p
              class="StyledProps--font StyledProps--main outOf StyledProps--color StyledProps--color-black"
            >
              PIPELINE.OUTOF
            </p>
            <p
              class="StyledProps--font StyledProps--main StyledProps--font-size-large StyledProps--font-weight-bold"
            >
              0
            </p>
          </div>
          <p
            class="StyledProps--font StyledProps--main titleText StyledProps--color StyledProps--color-black"
          >
            pipeline.verification.logClustersInViolation
          </p>
          <p
            class="StyledProps--font StyledProps--main viewDetails StyledProps--intent-primary"
            data-testid="pipeline.verification.analysisTab.logs"
            style="display: flex; align-items: center;"
          >
            viewDetails
            <span
              class="bp3-icon bp3-icon-arrow-right StyledProps--main Text--icon StyledProps--padding-left-xsmall"
              icon="arrow-right"
            >
              <svg
                data-icon="arrow-right"
                height="16"
                viewBox="0 0 16 16"
                width="16"
              >
                <desc>
                  arrow-right
                </desc>
                <path
                  d="M14.7 7.29l-5-5a.965.965 0 00-.71-.3 1.003 1.003 0 00-.71 1.71l3.29 3.29H1.99c-.55 0-1 .45-1 1s.45 1 1 1h9.59l-3.29 3.29a1.003 1.003 0 001.42 1.42l5-5c.18-.18.29-.43.29-.71s-.12-.52-.3-.7z"
                  fill-rule="evenodd"
                />
              </svg>
            </span>
          </p>
        </div>
      </div>
    </div>
  </div>
</div>
`;
